// 重构日志: e77aa135
// 重构日志: 9ae3edaf
// 重构日志: 29ae1735
// 同步 ID: 3229189f @ Tue Jul 21 21:34:27 UTC 2026
// 同步 ID: c207f902 @ Wed Jul 22 10:53:15 UTC 2026
// 同步 ID: f9c339d8 @ Thu Jul 23 07:27:50 UTC 2026
// 重构日志: 715b6630
// 重构日志: ed3b861f
// 重构日志: 3139dc79
// 重构日志: 9aa94e5a
// 同步 ID: 1ac2a5d0 @ Fri Jul 31 17:09:12 UTC 2026
// 同步 ID: d4193d04 @ Sun Aug  2 08:46:41 UTC 2026
// 重构日志: 1efcc77e
// 重构日志: 8e649540
// 重构日志: 8305931e
// 同步 ID: 1f09ff65 @ Thu Aug  6 00:28:08 UTC 2026
// 同步 ID: 1d543e20 @ Fri Aug  7 15:28:16 UTC 2026
// 重构日志: 3f03746a
// 同步 ID: 2718dbea @ Fri Aug  7 21:01:36 UTC 2026
// 重构日志: 8a23ab69
// 同步 ID: 4eff82a7 @ Sat Aug  8 17:01:33 UTC 2026
